
> kanglogo@0.1.0 build
> cross-env ESLINT_NO_DEV_ERRORS=true next build

   Γû▓ Next.js 15.5.9
   - Environments: .env.local

   Creating an optimized production build ...
> [PWA] Compile server
> [PWA] Compile server
> [PWA] Compile client (static)
> [PWA] Auto register service worker with: E:\Next\kanglogo\node_modules\next-pwa\register.js
> [PWA] Service worker: E:\Next\kanglogo\public\sw.js
> [PWA]   url: /sw.js
> [PWA]   scope: /
node.exe : Client network 
socket disconnected before 
secure TLS connection was 
established
At 
C:\nvm4w\nodejs\npm.ps1:29 
char:3
+   & $NODE_EXE $NPM_CLI_JS 
$args
+   
~~~~~~~~~~~~~~~~~~~~~~~~~~~~~
    + CategoryInfo           
   : NotSpecified: (Client   
  network ...was establish   
 ed:String) [], RemoteExc    
eption
    + FullyQualifiedErrorId  
   : NativeCommandError
 

Retrying 1/3...
Client network socket 
disconnected before secure 
TLS connection was 
established

Retrying 1/3...
Client network socket 
disconnected before secure 
TLS connection was 
established

Retrying 1/3...
Client network socket 
disconnected before secure 
TLS connection was 
established

Retrying 1/3...
Client network socket 
disconnected before secure 
TLS connection was 
established

Retrying 1/3...
Client network socket 
disconnected before secure 
TLS connection was 
established

Retrying 1/3...
Client network socket 
disconnected before secure 
TLS connection was 
established

Retrying 1/3...
